<html>
<body>
<pre>
<h1>µVision Build Log</h1>
<h2>Tool Versions:</h2>
IDE-Version: ¦ÌVision V5.43.1.0
Copyright (C) 2025 ARM Ltd and ARM Germany GmbH. All rights reserved.
License Information: lu w154562451@outlook.com, xianfan, LIC=KIVNB-2LHNH-SG97K-ZQE09-ZPP1K-KLZBA
 
Tool Versions:
Toolchain:       MDK-ARM Professional  Version: 5.43.0.0
Toolchain Path:  C:\Users\w1545\AppData\Local\Keil_v5\ARM\ARM_Compiler_5.06u7\Bin
C Compiler:      Armcc.exe V5.06 update 7 (build 960)
Assembler:       Armasm.exe V5.06 update 7 (build 960)
Linker/Locator:  ArmLink.exe V5.06 update 7 (build 960)
Library Manager: ArmAr.exe V5.06 update 7 (build 960)
Hex Converter:   FromElf.exe V5.06 update 7 (build 960)
CPU DLL:         SARMCM3.DLL V5.43.0.0
Dialog DLL:      DARMCM1.DLL V1.19.6.0
Target DLL:      CMSIS_AGDI.dll V1.33.24.0
Dialog DLL:      TARMCM1.DLL V1.14.6.0
 
<h2>Project:</h2>
C:\Users\w1545\Desktop\Project\SMOTA\examples\stm32g0\MDK-ARM\STM32G0B1.uvprojx
Project File Date:  03/02/2026

<h2>Output:</h2>
*** Using Compiler 'V5.06 update 7 (build 960)', folder: 'C:\Users\w1545\AppData\Local\Keil_v5\ARM\ARM_Compiler_5.06u7\Bin'
Rebuild target 'STM32G0B1'
assembling startup_stm32g0b1xx.s...
compiling stm32g0xx_it.c...
compiling stm32g0xx_hal_pcd_ex.c...
compiling stm32g0xx_hal_msp.c...
compiling stm32g0xx_hal_rcc.c...
compiling main.c...
compiling stm32g0xx_ll_rcc.c...
compiling stm32g0xx_hal_pcd.c...
compiling stm32g0xx_ll_usb.c...
compiling stm32g0xx_hal_flash.c...
compiling stm32g0xx_hal_dma_ex.c...
compiling stm32g0xx_hal_gpio.c...
compiling stm32g0xx_hal_pwr.c...
compiling stm32g0xx_hal_flash_ex.c...
compiling stm32g0xx_hal_dma.c...
compiling stm32g0xx_hal_rcc_ex.c...
compiling stm32g0xx_hal_exti.c...
compiling stm32g0xx_hal_i2c_ex.c...
compiling stm32g0xx_hal_cortex.c...
compiling stm32g0xx_hal_pwr_ex.c...
compiling stm32g0xx_hal.c...
compiling stm32g0xx_hal_fdcan.c...
compiling stm32g0xx_hal_i2c.c...
compiling system_stm32g0xx.c...
compiling stm32g0xx_hal_uart_ex.c...
compiling stm32g0xx_hal_spi_ex.c...
compiling usbd_conf.c...
compiling usb_device.c...
compiling stm32g0xx_hal_spi.c...
compiling stm32g0xx_hal_uart.c...
compiling smota_core.c...
..\..\..\smota\smota_core\src\smota_core.c(172): warning:  #188-D: enumerated type mixed with another type
                  ret = smota_frame_parse(g_recv_buffer, ctx->recv_len, &frame);
..\..\..\smota\smota_core\src\smota_core.c(290): warning:  #514-D: pointless comparison of unsigned integer with a negative constant
                  } else if (ret == -5) {
..\..\..\smota\smota_core\src\smota_core.c: 2 warnings, 0 errors
compiling smota_flash.c...
compiling smota_handler.c...
compiling smota_packet.c...
compiling smota_state.c...
compiling smota_types.c...
compiling smota_verify.c...
compiling smota_hal.c...
compiling usbd_ctlreq.c...
compiling usbd_desc.c...
compiling usbd_ioreq.c...
compiling usbd_cdc_if.c...
compiling usbd_core.c...
compiling usbd_cdc.c...
linking...
Program Size: Code=37316 RO-data=404 RW-data=300 ZI-data=9356  
FromELF: creating hex file...
"STM32G0B1\STM32G0B1.axf" - 0 Error(s), 2 Warning(s).

<h2>Software Packages used:</h2>

Package Vendor: ARM
                https://www.keil.com/pack/ARM.CMSIS.6.2.0.pack
                ARM::CMSIS@6.2.0
                CMSIS (Common Microcontroller Software Interface Standard)
   * Component: CORE Version: 6.1.1

Package Vendor: Keil
                https://www.keil.com/pack/Keil.STM32G0xx_DFP.2.1.0.pack
                Keil::STM32G0xx_DFP@2.1.0
                STMicroelectronics STM32G0 Series Device Support

<h2>Collection of Component include folders:</h2>
  ./RTE/_STM32G0B1
  C:/Users/w1545/AppData/Local/Arm/Packs/ARM/CMSIS/6.2.0/CMSIS/Core/Include

<h2>Collection of Component Files used:</h2>

   * Component: ARM::CMSIS:CORE@6.1.1
      Include file:  CMSIS/Core/Include/tz_context.h
Build Time Elapsed:  00:00:23
</pre>
</body>
</html>
